// Jest Snapshot v1, https://goo.gl/fbAQLP

exports[`basic.lua - lua51-verify: basic.lua 1`] = `
local foo, bar = 4

function bar()
    print("hi")
    print()
end
~~~~~~~~~~~~~~~~~~~~~~~~~~~~~~~~~~~~~~~~~~~~~~~~~~~~~~~~~~~~~~~~~~~~~~~~~~~~~~~~
local foo, bar = 4
function bar()
	print("hi")
	print()
end
`;
