// Jest Snapshot v1, https://goo.gl/fbAQLP

exports[`main.lua - lua-verify: main.lua 1`] = `
tbl.a = 5
tbl.a().b().c().d().e()
tbl.loooooooooooooooooooooooooooooooooooooooooooooooooooooooooooooooooooooooooooooooooong = 6
~~~~~~~~~~~~~~~~~~~~~~~~~~~~~~~~~~~~~~~~~~~~~~~~~~~~~~~~~~~~~~~~~~~~~~~~~~~~~~~~
tbl.a = 5
tbl.a().b().c().d().e()
tbl.loooooooooooooooooooooooooooooooooooooooooooooooooooooooooooooooooooooooooooooooooong
= 6
`;

exports[`main.lua - lua-verify: main.lua 2`] = `
tbl.a = 5
tbl.a().b().c().d().e()
tbl.loooooooooooooooooooooooooooooooooooooooooooooooooooooooooooooooooooooooooooooooooong = 6
~~~~~~~~~~~~~~~~~~~~~~~~~~~~~~~~~~~~~~~~~~~~~~~~~~~~~~~~~~~~~~~~~~~~~~~~~~~~~~~~
tbl.a = 5
tbl.a().b().c().d().e()
tbl.loooooooooooooooooooooooooooooooooooooooooooooooooooooooooooooooooooooooooooooooooong
= 6
`;
