// Jest Snapshot v1, https://goo.gl/fbAQLP

exports[`hook.lua - lua-verify: hook.lua 1`] = `

hook.Add("hello", "okay", function(some, arguments)
  doSomething()
  return false
end)
~~~~~~~~~~~~~~~~~~~~~~~~~~~~~~~~~~~~~~~~~~~~~~~~~~~~~~~~~~~~~~~~~~~~~~~~~~~~~~~~
hook.Add("hello", "okay", function(some, arguments)
	doSomething()
	return false
end)

`;

exports[`local_with_call_near_print_width.lua - lua-verify: local_with_call_near_print_width.lua 1`] = `
do
    do
        local one, two, three, four, five, six, seven, eight, nine, ten = callSomething("Hello it is me")
        local success, errcnt = executeBusted("--pattern=_tags.lua$ --tags=dtag1")
    end
end

describe(function()
    it("bla", function()
        local one, two, three, four, five, six, seven, eight, nine, ten = callSomething("Hello it is me")
        local success, errcnt = executeBusted("--pattern=_tags.lua$ --tags=dtag1")
    end)
end)
~~~~~~~~~~~~~~~~~~~~~~~~~~~~~~~~~~~~~~~~~~~~~~~~~~~~~~~~~~~~~~~~~~~~~~~~~~~~~~~~
do
	do
		local one, two, three, four, five, six, seven, eight, nine, ten =
			callSomething("Hello it is me")
		local success, errcnt =
			executeBusted("--pattern=_tags.lua$ --tags=dtag1")
	end
end

describe(function()
	it("bla", function()
		local one, two, three, four, five, six, seven, eight, nine, ten =
			callSomething("Hello it is me")
		local success, errcnt =
			executeBusted("--pattern=_tags.lua$ --tags=dtag1")
	end)
end)

`;

exports[`simple_return.lua - lua-verify: simple_return.lua 1`] = `
if true then return end

if true then
	-- don't break me
	return
end
~~~~~~~~~~~~~~~~~~~~~~~~~~~~~~~~~~~~~~~~~~~~~~~~~~~~~~~~~~~~~~~~~~~~~~~~~~~~~~~~
if true then return end

if true then
	-- don't break me
	return
end

`;
