// Jest Snapshot v1, https://goo.gl/fbAQLP

exports[`main.lua - lua-verify: main.lua 1`] = `

hook.Add("hello", "okay", function(some, arguments)
  doSomething()
  return false
end)
~~~~~~~~~~~~~~~~~~~~~~~~~~~~~~~~~~~~~~~~~~~~~~~~~~~~~~~~~~~~~~~~~~~~~~~~~~~~~~~~
hook.Add("hello", "okay", function(some, arguments)
	doSomething()
	return false
end)
`;
